192.168.0.104 - - [05/Feb/2020:22:34:01 +0800] "GET /nacos/v1/cs/health HTTP/1.1" 200 2 88 Apache-HttpAsyncClient/4.1.3 (Java/1.8.0_201)
192.168.0.104 - - [05/Feb/2020:22:34:05 +0800] "GET /nacos/v1/cs/health HTTP/1.1" 200 2 3 Apache-HttpAsyncClient/4.1.3 (Java/1.8.0_201)
192.168.0.104 - - [05/Feb/2020:22:34:10 +0800] "GET /nacos/v1/cs/health HTTP/1.1" 200 2 3 Apache-HttpAsyncClient/4.1.3 (Java/1.8.0_201)
0:0:0:0:0:0:0:1 - - [05/Feb/2020:22:34:12 +0800] "GET /nacos HTTP/1.1" 302 - 0 Mozilla/5.0 (Macintosh; Intel Mac OS X 10_14_4) AppleWebKit/537.36 (KHTML, like Gecko) Chrome/79.0.3945.130 Safari/537.36
0:0:0:0:0:0:0:1 - - [05/Feb/2020:22:34:12 +0800] "GET /nacos/ HTTP/1.1" 200 2611 24 Mozilla/5.0 (Macintosh; Intel Mac OS X 10_14_4) AppleWebKit/537.36 (KHTML, like Gecko) Chrome/79.0.3945.130 Safari/537.36
0:0:0:0:0:0:0:1 - - [05/Feb/2020:22:34:12 +0800] "GET /nacos/console-fe/public/css/font-awesome.css HTTP/1.1" 200 33841 13 Mozilla/5.0 (Macintosh; Intel Mac OS X 10_14_4) AppleWebKit/537.36 (KHTML, like Gecko) Chrome/79.0.3945.130 Safari/537.36
0:0:0:0:0:0:0:1 - - [05/Feb/2020:22:34:12 +0800] "GET /nacos/console-fe/public/css/bootstrap.css HTTP/1.1" 200 123285 21 Mozilla/5.0 (Macintosh; Intel Mac OS X 10_14_4) AppleWebKit/537.36 (KHTML, like Gecko) Chrome/79.0.3945.130 Safari/537.36
0:0:0:0:0:0:0:1 - - [05/Feb/2020:22:34:12 +0800] "GET /nacos/console-fe/public/css/codemirror.css HTTP/1.1" 200 8849 20 Mozilla/5.0 (Macintosh; Intel Mac OS X 10_14_4) AppleWebKit/537.36 (KHTML, like Gecko) Chrome/79.0.3945.130 Safari/537.36
0:0:0:0:0:0:0:1 - - [05/Feb/2020:22:34:12 +0800] "GET /nacos/console-fe/public/css/icon.css HTTP/1.1" 200 5166 15 Mozilla/5.0 (Macintosh; Intel Mac OS X 10_14_4) AppleWebKit/537.36 (KHTML, like Gecko) Chrome/79.0.3945.130 Safari/537.36
0:0:0:0:0:0:0:1 - - [05/Feb/2020:22:34:12 +0800] "GET /nacos/console-fe/public/css/console1412.css HTTP/1.1" 200 156959 24 Mozilla/5.0 (Macintosh; Intel Mac OS X 10_14_4) AppleWebKit/537.36 (KHTML, like Gecko) Chrome/79.0.3945.130 Safari/537.36
0:0:0:0:0:0:0:1 - - [05/Feb/2020:22:34:12 +0800] "GET /nacos/console-fe/public/css/merge.css HTTP/1.1" 200 3857 23 Mozilla/5.0 (Macintosh; Intel Mac OS X 10_14_4) AppleWebKit/537.36 (KHTML, like Gecko) Chrome/79.0.3945.130 Safari/537.36
0:0:0:0:0:0:0:1 - - [05/Feb/2020:22:34:12 +0800] "GET /nacos/console-fe/public/js/codemirror.addone.fullscreen.js HTTP/1.1" 200 1973 9 Mozilla/5.0 (Macintosh; Intel Mac OS X 10_14_4) AppleWebKit/537.36 (KHTML, like Gecko) Chrome/79.0.3945.130 Safari/537.36
0:0:0:0:0:0:0:1 - - [05/Feb/2020:22:34:12 +0800] "GET /nacos/console-fe/public/js/jquery.js HTTP/1.1" 200 86658 13 Mozilla/5.0 (Macintosh; Intel Mac OS X 10_14_4) AppleWebKit/537.36 (KHTML, like Gecko) Chrome/79.0.3945.130 Safari/537.36
0:0:0:0:0:0:0:1 - - [05/Feb/2020:22:34:12 +0800] "GET /nacos/css/main.css HTTP/1.1" 200 408474 17 Mozilla/5.0 (Macintosh; Intel Mac OS X 10_14_4) AppleWebKit/537.36 (KHTML, like Gecko) Chrome/79.0.3945.130 Safari/537.36
0:0:0:0:0:0:0:1 - - [05/Feb/2020:22:34:12 +0800] "GET /nacos/console-fe/public/js/codemirror.js HTTP/1.1" 200 366237 23 Mozilla/5.0 (Macintosh; Intel Mac OS X 10_14_4) AppleWebKit/537.36 (KHTML, like Gecko) Chrome/79.0.3945.130 Safari/537.36
0:0:0:0:0:0:0:1 - - [05/Feb/2020:22:34:12 +0800] "GET /nacos/console-fe/public/js/xml.js HTTP/1.1" 200 13050 16 Mozilla/5.0 (Macintosh; Intel Mac OS X 10_14_4) AppleWebKit/537.36 (KHTML, like Gecko) Chrome/79.0.3945.130 Safari/537.36
0:0:0:0:0:0:0:1 - - [05/Feb/2020:22:34:12 +0800] "GET /nacos/console-fe/public/js/codemirror.lib.clike-lint.js HTTP/1.1" 200 31521 5 Mozilla/5.0 (Macintosh; Intel Mac OS X 10_14_4) AppleWebKit/537.36 (KHTML, like Gecko) Chrome/79.0.3945.130 Safari/537.36
0:0:0:0:0:0:0:1 - - [05/Feb/2020:22:34:12 +0800] "GET /nacos/console-fe/public/js/codemirror.lib.json-lint.js HTTP/1.1" 200 16797 5 Mozilla/5.0 (Macintosh; Intel Mac OS X 10_14_4) AppleWebKit/537.36 (KHTML, like Gecko) Chrome/79.0.3945.130 Safari/537.36
0:0:0:0:0:0:0:1 - - [05/Feb/2020:22:34:12 +0800] "GET /nacos/console-fe/public/js/codemirror.addone.json-lint.js HTTP/1.1" 200 1433 6 Mozilla/5.0 (Macintosh; Intel Mac OS X 10_14_4) AppleWebKit/537.36 (KHTML, like Gecko) Chrome/79.0.3945.130 Safari/537.36
0:0:0:0:0:0:0:1 - - [05/Feb/2020:22:34:12 +0800] "GET /nacos/console-fe/public/js/diff_match_patch.js HTTP/1.1" 200 19192 4 Mozilla/5.0 (Macintosh; Intel Mac OS X 10_14_4) AppleWebKit/537.36 (KHTML, like Gecko) Chrome/79.0.3945.130 Safari/537.36
0:0:0:0:0:0:0:1 - - [05/Feb/2020:22:34:12 +0800] "GET /nacos/console-fe/public/js/javascript.js HTTP/1.1" 200 32200 33 Mozilla/5.0 (Macintosh; Intel Mac OS X 10_14_4) AppleWebKit/537.36 (KHTML, like Gecko) Chrome/79.0.3945.130 Safari/537.36
0:0:0:0:0:0:0:1 - - [05/Feb/2020:22:34:12 +0800] "GET /nacos/console-fe/public/js/codemirror.addone.lint.js HTTP/1.1" 200 8511 14 Mozilla/5.0 (Macintosh; Intel Mac OS X 10_14_4) AppleWebKit/537.36 (KHTML, like Gecko) Chrome/79.0.3945.130 Safari/537.36
0:0:0:0:0:0:0:1 - - [05/Feb/2020:22:34:12 +0800] "GET /nacos/console-fe/public/js/merge.js HTTP/1.1" 200 37874 7 Mozilla/5.0 (Macintosh; Intel Mac OS X 10_14_4) AppleWebKit/537.36 (KHTML, like Gecko) Chrome/79.0.3945.130 Safari/537.36
0:0:0:0:0:0:0:1 - - [05/Feb/2020:22:34:12 +0800] "GET /nacos/console-fe/public/js/loader.js HTTP/1.1" 200 28899 6 Mozilla/5.0 (Macintosh; Intel Mac OS X 10_14_4) AppleWebKit/537.36 (KHTML, like Gecko) Chrome/79.0.3945.130 Safari/537.36
0:0:0:0:0:0:0:1 - - [05/Feb/2020:22:34:13 +0800] "GET /nacos/js/main.js HTTP/1.1" 200 1473821 42 Mozilla/5.0 (Macintosh; Intel Mac OS X 10_14_4) AppleWebKit/537.36 (KHTML, like Gecko) Chrome/79.0.3945.130 Safari/537.36
0:0:0:0:0:0:0:1 - - [05/Feb/2020:22:34:13 +0800] "GET /nacos/img/logo-2000-390.svg HTTP/1.1" 200 2106 4 Mozilla/5.0 (Macintosh; Intel Mac OS X 10_14_4) AppleWebKit/537.36 (KHTML, like Gecko) Chrome/79.0.3945.130 Safari/537.36
0:0:0:0:0:0:0:1 - - [05/Feb/2020:22:34:13 +0800] "GET /nacos/v1/console/server/state HTTP/1.1" 200 91 19 Mozilla/5.0 (Macintosh; Intel Mac OS X 10_14_4) AppleWebKit/537.36 (KHTML, like Gecko) Chrome/79.0.3945.130 Safari/537.36
0:0:0:0:0:0:0:1 - - [05/Feb/2020:22:34:13 +0800] "GET /nacos/console-fe/public/js/vs/editor/editor.main.js HTTP/1.1" 200 1824086 181 Mozilla/5.0 (Macintosh; Intel Mac OS X 10_14_4) AppleWebKit/537.36 (KHTML, like Gecko) Chrome/79.0.3945.130 Safari/537.36
0:0:0:0:0:0:0:1 - - [05/Feb/2020:22:34:13 +0800] "GET /nacos/console-fe/public/icons/icon-font.woff2 HTTP/1.1" 401 - 11 Mozilla/5.0 (Macintosh; Intel Mac OS X 10_14_4) AppleWebKit/537.36 (KHTML, like Gecko) Chrome/79.0.3945.130 Safari/537.36
0:0:0:0:0:0:0:1 - - [05/Feb/2020:22:34:13 +0800] "GET /nacos/v1/console/namespaces?namespaceId= HTTP/1.1" 401 154 94 Mozilla/5.0 (Macintosh; Intel Mac OS X 10_14_4) AppleWebKit/537.36 (KHTML, like Gecko) Chrome/79.0.3945.130 Safari/537.36
0:0:0:0:0:0:0:1 - - [05/Feb/2020:22:34:13 +0800] "GET /nacos/console-fe/public/js/vs/editor/editor.main.css HTTP/1.1" 200 172199 4 Mozilla/5.0 (Macintosh; Intel Mac OS X 10_14_4) AppleWebKit/537.36 (KHTML, like Gecko) Chrome/79.0.3945.130 Safari/537.36
0:0:0:0:0:0:0:1 - - [05/Feb/2020:22:34:13 +0800] "GET /nacos/console-fe/public/js/vs/editor/editor.main.nls.zh-cn.js HTTP/1.1" 200 22854 4 Mozilla/5.0 (Macintosh; Intel Mac OS X 10_14_4) AppleWebKit/537.36 (KHTML, like Gecko) Chrome/79.0.3945.130 Safari/537.36
0:0:0:0:0:0:0:1 - - [05/Feb/2020:22:34:13 +0800] "GET /nacos/console-fe/public/css/fonts/aliyun-console-font.ttf?t91au5 HTTP/1.1" 200 169536 6 Mozilla/5.0 (Macintosh; Intel Mac OS X 10_14_4) AppleWebKit/537.36 (KHTML, like Gecko) Chrome/79.0.3945.130 Safari/537.36
0:0:0:0:0:0:0:1 - - [05/Feb/2020:22:34:13 +0800] "GET /nacos/console-fe/public/icons/icon-font.woff HTTP/1.1" 200 5504 4 Mozilla/5.0 (Macintosh; Intel Mac OS X 10_14_4) AppleWebKit/537.36 (KHTML, like Gecko) Chrome/79.0.3945.130 Safari/537.36
0:0:0:0:0:0:0:1 - - [05/Feb/2020:22:34:13 +0800] "GET /nacos/v1/cs/configs?search=accurate&dataId=&group=&appName=&config_tags=&pageNo=1&pageSize=10&tenant=&namespaceId= HTTP/1.1" 200 - 41 Mozilla/5.0 (Macintosh; Intel Mac OS X 10_14_4) AppleWebKit/537.36 (KHTML, like Gecko) Chrome/79.0.3945.130 Safari/537.36
0:0:0:0:0:0:0:1 - - [05/Feb/2020:22:34:13 +0800] "GET /nacos/img/black_dot.png HTTP/1.1" 200 114 3 Mozilla/5.0 (Macintosh; Intel Mac OS X 10_14_4) AppleWebKit/537.36 (KHTML, like Gecko) Chrome/79.0.3945.130 Safari/537.36
0:0:0:0:0:0:0:1 - - [05/Feb/2020:22:34:13 +0800] "GET /nacos/img/nacos.png HTTP/1.1" 200 3588 3 Mozilla/5.0 (Macintosh; Intel Mac OS X 10_14_4) AppleWebKit/537.36 (KHTML, like Gecko) Chrome/79.0.3945.130 Safari/537.36
0:0:0:0:0:0:0:1 - - [05/Feb/2020:22:34:13 +0800] "GET /nacos/console-fe/public/img/favicon.ico HTTP/1.1" 200 4286 7 Mozilla/5.0 (Macintosh; Intel Mac OS X 10_14_4) AppleWebKit/537.36 (KHTML, like Gecko) Chrome/79.0.3945.130 Safari/537.36
0:0:0:0:0:0:0:1 - - [05/Feb/2020:22:34:14 +0800] "POST /nacos/v1/auth/login HTTP/1.1" 200 176 152 Mozilla/5.0 (Macintosh; Intel Mac OS X 10_14_4) AppleWebKit/537.36 (KHTML, like Gecko) Chrome/79.0.3945.130 Safari/537.36
0:0:0:0:0:0:0:1 - - [05/Feb/2020:22:34:14 +0800] "GET /nacos/v1/console/server/state HTTP/1.1" 200 91 2 Mozilla/5.0 (Macintosh; Intel Mac OS X 10_14_4) AppleWebKit/537.36 (KHTML, like Gecko) Chrome/79.0.3945.130 Safari/537.36
0:0:0:0:0:0:0:1 - - [05/Feb/2020:22:34:14 +0800] "GET /nacos/v1/console/namespaces?namespaceId= HTTP/1.1" 200 130 24 Mozilla/5.0 (Macintosh; Intel Mac OS X 10_14_4) AppleWebKit/537.36 (KHTML, like Gecko) Chrome/79.0.3945.130 Safari/537.36
0:0:0:0:0:0:0:1 - - [05/Feb/2020:22:34:14 +0800] "GET /nacos/v1/cs/configs?search=accurate&dataId=&group=&appName=&config_tags=&pageNo=1&pageSize=10&tenant=&namespaceId= HTTP/1.1" 200 - 10 Mozilla/5.0 (Macintosh; Intel Mac OS X 10_14_4) AppleWebKit/537.36 (KHTML, like Gecko) Chrome/79.0.3945.130 Safari/537.36
192.168.0.104 - - [05/Feb/2020:22:34:15 +0800] "GET /nacos/v1/cs/health HTTP/1.1" 200 2 1 Apache-HttpAsyncClient/4.1.3 (Java/1.8.0_201)
0:0:0:0:0:0:0:1 - - [05/Feb/2020:22:34:16 +0800] "GET /nacos/v1/ns/catalog/services?hasIpCount=true&withInstances=false&pageNo=1&pageSize=10&serviceNameParam=&groupNameParam=&namespaceId= HTTP/1.1" 200 39 9 Mozilla/5.0 (Macintosh; Intel Mac OS X 10_14_4) AppleWebKit/537.36 (KHTML, like Gecko) Chrome/79.0.3945.130 Safari/537.36
0:0:0:0:0:0:0:1 - - [05/Feb/2020:22:34:18 +0800] "GET /nacos/v1/cs/configs?search=accurate&dataId=&group=&appName=&config_tags=&pageNo=1&pageSize=10&tenant=&namespaceId= HTTP/1.1" 200 - 12 Mozilla/5.0 (Macintosh; Intel Mac OS X 10_14_4) AppleWebKit/537.36 (KHTML, like Gecko) Chrome/79.0.3945.130 Safari/537.36
0:0:0:0:0:0:0:1 - - [05/Feb/2020:22:34:19 +0800] "GET /nacos/v1/ns/catalog/services?hasIpCount=true&withInstances=false&pageNo=1&pageSize=10&serviceNameParam=&groupNameParam=&namespaceId= HTTP/1.1" 200 39 2 Mozilla/5.0 (Macintosh; Intel Mac OS X 10_14_4) AppleWebKit/537.36 (KHTML, like Gecko) Chrome/79.0.3945.130 Safari/537.36
192.168.0.104 - - [05/Feb/2020:22:34:20 +0800] "GET /nacos/v1/cs/health HTTP/1.1" 200 2 2 Apache-HttpAsyncClient/4.1.3 (Java/1.8.0_201)
0:0:0:0:0:0:0:1 - - [05/Feb/2020:22:34:21 +0800] "GET /nacos/v1/console/namespaces?namespaceId= HTTP/1.1" 200 130 12 Mozilla/5.0 (Macintosh; Intel Mac OS X 10_14_4) AppleWebKit/537.36 (KHTML, like Gecko) Chrome/79.0.3945.130 Safari/537.36
0:0:0:0:0:0:0:1 - - [05/Feb/2020:22:34:25 +0800] "GET /nacos/v1/cs/configs?search=accurate&dataId=&group=&appName=&config_tags=&pageNo=1&pageSize=10&tenant=&namespaceId= HTTP/1.1" 200 - 9 Mozilla/5.0 (Macintosh; Intel Mac OS X 10_14_4) AppleWebKit/537.36 (KHTML, like Gecko) Chrome/79.0.3945.130 Safari/537.36
192.168.0.104 - - [05/Feb/2020:22:34:25 +0800] "GET /nacos/v1/cs/health HTTP/1.1" 200 2 1 Apache-HttpAsyncClient/4.1.3 (Java/1.8.0_201)
192.168.0.104 - - [05/Feb/2020:22:34:30 +0800] "GET /nacos/v1/cs/health HTTP/1.1" 200 2 2 Apache-HttpAsyncClient/4.1.3 (Java/1.8.0_201)
192.168.0.104 - - [05/Feb/2020:22:34:35 +0800] "GET /nacos/v1/cs/health HTTP/1.1" 200 2 1 Apache-HttpAsyncClient/4.1.3 (Java/1.8.0_201)
192.168.0.104 - - [05/Feb/2020:22:34:40 +0800] "GET /nacos/v1/cs/health HTTP/1.1" 200 2 2 Apache-HttpAsyncClient/4.1.3 (Java/1.8.0_201)
192.168.0.104 - - [05/Feb/2020:22:34:45 +0800] "GET /nacos/v1/cs/health HTTP/1.1" 200 2 1 Apache-HttpAsyncClient/4.1.3 (Java/1.8.0_201)
192.168.0.104 - - [05/Feb/2020:22:34:50 +0800] "GET /nacos/v1/cs/health HTTP/1.1" 200 2 2 Apache-HttpAsyncClient/4.1.3 (Java/1.8.0_201)
192.168.0.104 - - [05/Feb/2020:22:34:55 +0800] "GET /nacos/v1/cs/health HTTP/1.1" 200 2 2 Apache-HttpAsyncClient/4.1.3 (Java/1.8.0_201)
192.168.0.104 - - [05/Feb/2020:22:35:00 +0800] "GET /nacos/v1/cs/health HTTP/1.1" 200 2 1 Apache-HttpAsyncClient/4.1.3 (Java/1.8.0_201)
192.168.0.104 - - [05/Feb/2020:22:35:05 +0800] "GET /nacos/v1/cs/health HTTP/1.1" 200 2 1 Apache-HttpAsyncClient/4.1.3 (Java/1.8.0_201)
192.168.0.104 - - [05/Feb/2020:22:35:10 +0800] "GET /nacos/v1/cs/health HTTP/1.1" 200 2 1 Apache-HttpAsyncClient/4.1.3 (Java/1.8.0_201)
192.168.0.104 - - [05/Feb/2020:22:35:15 +0800] "GET /nacos/v1/cs/health HTTP/1.1" 200 2 2 Apache-HttpAsyncClient/4.1.3 (Java/1.8.0_201)
192.168.0.104 - - [05/Feb/2020:22:35:20 +0800] "GET /nacos/v1/cs/health HTTP/1.1" 200 2 1 Apache-HttpAsyncClient/4.1.3 (Java/1.8.0_201)
192.168.0.104 - - [05/Feb/2020:22:35:25 +0800] "GET /nacos/v1/cs/health HTTP/1.1" 200 2 2 Apache-HttpAsyncClient/4.1.3 (Java/1.8.0_201)
0:0:0:0:0:0:0:1 - - [05/Feb/2020:22:35:30 +0800] "GET /nacos/v1/console/namespaces?namespaceId= HTTP/1.1" 200 130 11 Mozilla/5.0 (Macintosh; Intel Mac OS X 10_14_4) AppleWebKit/537.36 (KHTML, like Gecko) Chrome/79.0.3945.130 Safari/537.36
192.168.0.104 - - [05/Feb/2020:22:35:30 +0800] "GET /nacos/v1/cs/health HTTP/1.1" 200 2 1 Apache-HttpAsyncClient/4.1.3 (Java/1.8.0_201)
192.168.0.104 - - [05/Feb/2020:22:35:35 +0800] "GET /nacos/v1/cs/health HTTP/1.1" 200 2 2 Apache-HttpAsyncClient/4.1.3 (Java/1.8.0_201)
192.168.0.104 - - [05/Feb/2020:22:35:40 +0800] "GET /nacos/v1/cs/health HTTP/1.1" 200 2 2 Apache-HttpAsyncClient/4.1.3 (Java/1.8.0_201)
0:0:0:0:0:0:0:1 - - [05/Feb/2020:22:35:41 +0800] "GET /nacos/v1/console/namespaces?checkNamespaceIdExist=true&customNamespaceId=&namespaceId= HTTP/1.1" 200 15 3 Mozilla/5.0 (Macintosh; Intel Mac OS X 10_14_4) AppleWebKit/537.36 (KHTML, like Gecko) Chrome/79.0.3945.130 Safari/537.36
0:0:0:0:0:0:0:1 - - [05/Feb/2020:22:35:41 +0800] "POST /nacos/v1/console/namespaces HTTP/1.1" 200 14 10 Mozilla/5.0 (Macintosh; Intel Mac OS X 10_14_4) AppleWebKit/537.36 (KHTML, like Gecko) Chrome/79.0.3945.130 Safari/537.36
0:0:0:0:0:0:0:1 - - [05/Feb/2020:22:35:43 +0800] "GET /nacos/v1/console/namespaces?namespaceId= HTTP/1.1" 200 246 15 Mozilla/5.0 (Macintosh; Intel Mac OS X 10_14_4) AppleWebKit/537.36 (KHTML, like Gecko) Chrome/79.0.3945.130 Safari/537.36
0:0:0:0:0:0:0:1 - - [05/Feb/2020:22:35:43 +0800] "GET /nacos/v1/console/namespaces?namespaceId= HTTP/1.1" 200 246 16 Mozilla/5.0 (Macintosh; Intel Mac OS X 10_14_4) AppleWebKit/537.36 (KHTML, like Gecko) Chrome/79.0.3945.130 Safari/537.36
192.168.0.104 - - [05/Feb/2020:22:35:45 +0800] "GET /nacos/v1/cs/health HTTP/1.1" 200 2 2 Apache-HttpAsyncClient/4.1.3 (Java/1.8.0_201)
0:0:0:0:0:0:0:1 - - [05/Feb/2020:22:35:48 +0800] "GET /nacos/v1/console/namespaces?checkNamespaceIdExist=true&customNamespaceId=&namespaceId= HTTP/1.1" 200 15 2 Mozilla/5.0 (Macintosh; Intel Mac OS X 10_14_4) AppleWebKit/537.36 (KHTML, like Gecko) Chrome/79.0.3945.130 Safari/537.36
0:0:0:0:0:0:0:1 - - [05/Feb/2020:22:35:48 +0800] "POST /nacos/v1/console/namespaces HTTP/1.1" 200 14 10 Mozilla/5.0 (Macintosh; Intel Mac OS X 10_14_4) AppleWebKit/537.36 (KHTML, like Gecko) Chrome/79.0.3945.130 Safari/537.36
0:0:0:0:0:0:0:1 - - [05/Feb/2020:22:35:50 +0800] "GET /nacos/v1/cs/configs?search=accurate&dataId=&group=&appName=&config_tags=&pageNo=1&pageSize=10&tenant=&namespaceId= HTTP/1.1" 200 - 7 Mozilla/5.0 (Macintosh; Intel Mac OS X 10_14_4) AppleWebKit/537.36 (KHTML, like Gecko) Chrome/79.0.3945.130 Safari/537.36
0:0:0:0:0:0:0:1 - - [05/Feb/2020:22:35:50 +0800] "GET /nacos/v1/console/namespaces?namespaceId= HTTP/1.1" 200 364 19 Mozilla/5.0 (Macintosh; Intel Mac OS X 10_14_4) AppleWebKit/537.36 (KHTML, like Gecko) Chrome/79.0.3945.130 Safari/537.36
0:0:0:0:0:0:0:1 - - [05/Feb/2020:22:35:50 +0800] "GET /nacos/v1/console/namespaces?namespaceId= HTTP/1.1" 200 364 17 Mozilla/5.0 (Macintosh; Intel Mac OS X 10_14_4) AppleWebKit/537.36 (KHTML, like Gecko) Chrome/79.0.3945.130 Safari/537.36
192.168.0.104 - - [05/Feb/2020:22:35:50 +0800] "GET /nacos/v1/cs/health HTTP/1.1" 200 2 1 Apache-HttpAsyncClient/4.1.3 (Java/1.8.0_201)
0:0:0:0:0:0:0:1 - - [05/Feb/2020:22:35:52 +0800] "GET /nacos/v1/cs/configs?search=accurate&dataId=&group=&appName=&config_tags=&pageNo=1&pageSize=10&tenant=d2306d2d-b394-48dc-95c2-21e73fdec48c&namespaceId=d2306d2d-b394-48dc-95c2-21e73fdec48c HTTP/1.1" 200 - 9 Mozilla/5.0 (Macintosh; Intel Mac OS X 10_14_4) AppleWebKit/537.36 (KHTML, like Gecko) Chrome/79.0.3945.130 Safari/537.36
0:0:0:0:0:0:0:1 - - [05/Feb/2020:22:35:53 +0800] "GET /nacos/ HTTP/1.1" 304 - 5 Mozilla/5.0 (Macintosh; Intel Mac OS X 10_14_4) AppleWebKit/537.36 (KHTML, like Gecko) Chrome/79.0.3945.130 Safari/537.36
0:0:0:0:0:0:0:1 - - [05/Feb/2020:22:35:53 +0800] "GET /nacos/v1/console/namespaces?namespaceId=d2306d2d-b394-48dc-95c2-21e73fdec48c HTTP/1.1" 200 364 28 Mozilla/5.0 (Macintosh; Intel Mac OS X 10_14_4) AppleWebKit/537.36 (KHTML, like Gecko) Chrome/79.0.3945.130 Safari/537.36
0:0:0:0:0:0:0:1 - - [05/Feb/2020:22:35:53 +0800] "GET /nacos/v1/console/server/state HTTP/1.1" 200 91 2 Mozilla/5.0 (Macintosh; Intel Mac OS X 10_14_4) AppleWebKit/537.36 (KHTML, like Gecko) Chrome/79.0.3945.130 Safari/537.36
0:0:0:0:0:0:0:1 - - [05/Feb/2020:22:35:53 +0800] "GET /nacos/console-fe/public/icons/icon-font.woff2 HTTP/1.1" 401 - 4 Mozilla/5.0 (Macintosh; Intel Mac OS X 10_14_4) AppleWebKit/537.36 (KHTML, like Gecko) Chrome/79.0.3945.130 Safari/537.36
0:0:0:0:0:0:0:1 - - [05/Feb/2020:22:35:53 +0800] "GET /nacos/v1/cs/configs?search=accurate&dataId=&group=&appName=&config_tags=&pageNo=1&pageSize=10&tenant=d2306d2d-b394-48dc-95c2-21e73fdec48c&namespaceId=d2306d2d-b394-48dc-95c2-21e73fdec48c HTTP/1.1" 200 - 11 Mozilla/5.0 (Macintosh; Intel Mac OS X 10_14_4) AppleWebKit/537.36 (KHTML, like Gecko) Chrome/79.0.3945.130 Safari/537.36
0:0:0:0:0:0:0:1 - - [05/Feb/2020:22:35:53 +0800] "GET /nacos/console-fe/public/img/favicon.ico HTTP/1.1" 200 4286 1 Mozilla/5.0 (Macintosh; Intel Mac OS X 10_14_4) AppleWebKit/537.36 (KHTML, like Gecko) Chrome/79.0.3945.130 Safari/537.36
192.168.0.104 - - [05/Feb/2020:22:35:55 +0800] "GET /nacos/v1/cs/health HTTP/1.1" 200 2 1 Apache-HttpAsyncClient/4.1.3 (Java/1.8.0_201)
0:0:0:0:0:0:0:1 - - [05/Feb/2020:22:35:57 +0800] "GET /nacos/console-fe/public/js/vs/base/worker/workerMain.js HTTP/1.1" 200 151535 4 Mozilla/5.0 (Macintosh; Intel Mac OS X 10_14_4) AppleWebKit/537.36 (KHTML, like Gecko) Chrome/79.0.3945.130 Safari/537.36
192.168.0.104 - - [05/Feb/2020:22:36:00 +0800] "GET /nacos/v1/cs/health HTTP/1.1" 200 2 1 Apache-HttpAsyncClient/4.1.3 (Java/1.8.0_201)
192.168.0.104 - - [05/Feb/2020:22:36:05 +0800] "GET /nacos/v1/cs/health HTTP/1.1" 200 2 1 Apache-HttpAsyncClient/4.1.3 (Java/1.8.0_201)
0:0:0:0:0:0:0:1 - - [05/Feb/2020:22:36:06 +0800] "GET /nacos/console-fe/public/js/vs/basic-languages/src/xml.js HTTP/1.1" 200 2119 2 Mozilla/5.0 (Macintosh; Intel Mac OS X 10_14_4) AppleWebKit/537.36 (KHTML, like Gecko) Chrome/79.0.3945.130 Safari/537.36
0:0:0:0:0:0:0:1 - - [05/Feb/2020:22:36:07 +0800] "GET /nacos/console-fe/public/js/vs/basic-languages/src/yaml.js HTTP/1.1" 200 3869 2 Mozilla/5.0 (Macintosh; Intel Mac OS X 10_14_4) AppleWebKit/537.36 (KHTML, like Gecko) Chrome/79.0.3945.130 Safari/537.36
192.168.0.104 - - [05/Feb/2020:22:36:10 +0800] "GET /nacos/v1/cs/health HTTP/1.1" 200 2 1 Apache-HttpAsyncClient/4.1.3 (Java/1.8.0_201)
192.168.0.104 - - [05/Feb/2020:22:36:15 +0800] "GET /nacos/v1/cs/health HTTP/1.1" 200 2 1 Apache-HttpAsyncClient/4.1.3 (Java/1.8.0_201)
192.168.0.104 - - [05/Feb/2020:22:36:20 +0800] "GET /nacos/v1/cs/health HTTP/1.1" 200 2 1 Apache-HttpAsyncClient/4.1.3 (Java/1.8.0_201)
192.168.0.104 - - [05/Feb/2020:22:36:25 +0800] "GET /nacos/v1/cs/health HTTP/1.1" 200 2 1 Apache-HttpAsyncClient/4.1.3 (Java/1.8.0_201)
192.168.0.104 - - [05/Feb/2020:22:36:30 +0800] "GET /nacos/v1/cs/health HTTP/1.1" 200 2 2 Apache-HttpAsyncClient/4.1.3 (Java/1.8.0_201)
192.168.0.104 - - [05/Feb/2020:22:36:35 +0800] "GET /nacos/v1/cs/health HTTP/1.1" 200 2 1 Apache-HttpAsyncClient/4.1.3 (Java/1.8.0_201)
0:0:0:0:0:0:0:1 - - [05/Feb/2020:22:36:38 +0800] "GET /nacos/v1/console/namespaces?namespaceId=d2306d2d-b394-48dc-95c2-21e73fdec48c HTTP/1.1" 200 364 21 Mozilla/5.0 (Macintosh; Intel Mac OS X 10_14_4) AppleWebKit/537.36 (KHTML, like Gecko) Chrome/79.0.3945.130 Safari/537.36
192.168.0.104 - - [05/Feb/2020:22:36:40 +0800] "GET /nacos/v1/cs/health HTTP/1.1" 200 2 2 Apache-HttpAsyncClient/4.1.3 (Java/1.8.0_201)
192.168.0.104 - - [05/Feb/2020:22:36:45 +0800] "GET /nacos/v1/cs/health HTTP/1.1" 200 2 1 Apache-HttpAsyncClient/4.1.3 (Java/1.8.0_201)
0:0:0:0:0:0:0:1 - - [05/Feb/2020:22:36:47 +0800] "GET /nacos/v1/cs/configs?search=accurate&dataId=&group=&appName=&config_tags=&pageNo=1&pageSize=10&tenant=d2306d2d-b394-48dc-95c2-21e73fdec48c&namespaceId=d2306d2d-b394-48dc-95c2-21e73fdec48c HTTP/1.1" 200 - 8 Mozilla/5.0 (Macintosh; Intel Mac OS X 10_14_4) AppleWebKit/537.36 (KHTML, like Gecko) Chrome/79.0.3945.130 Safari/537.36
192.168.0.104 - - [05/Feb/2020:22:36:50 +0800] "GET /nacos/v1/cs/health HTTP/1.1" 200 2 2 Apache-HttpAsyncClient/4.1.3 (Java/1.8.0_201)
192.168.0.104 - - [05/Feb/2020:22:36:56 +0800] "GET /nacos/v1/cs/health HTTP/1.1" 200 2 2 Apache-HttpAsyncClient/4.1.3 (Java/1.8.0_201)
192.168.0.104 - - [05/Feb/2020:22:37:01 +0800] "GET /nacos/v1/cs/health HTTP/1.1" 200 2 1 Apache-HttpAsyncClient/4.1.3 (Java/1.8.0_201)
192.168.0.104 - - [05/Feb/2020:22:37:06 +0800] "GET /nacos/v1/cs/health HTTP/1.1" 200 2 1 Apache-HttpAsyncClient/4.1.3 (Java/1.8.0_201)
192.168.0.104 - - [05/Feb/2020:22:37:11 +0800] "GET /nacos/v1/cs/health HTTP/1.1" 200 2 1 Apache-HttpAsyncClient/4.1.3 (Java/1.8.0_201)
192.168.0.104 - - [05/Feb/2020:22:37:16 +0800] "GET /nacos/v1/cs/health HTTP/1.1" 200 2 1 Apache-HttpAsyncClient/4.1.3 (Java/1.8.0_201)
192.168.0.104 - - [05/Feb/2020:22:37:21 +0800] "GET /nacos/v1/cs/health HTTP/1.1" 200 2 1 Apache-HttpAsyncClient/4.1.3 (Java/1.8.0_201)
192.168.0.104 - - [05/Feb/2020:22:37:26 +0800] "GET /nacos/v1/cs/health HTTP/1.1" 200 2 1 Apache-HttpAsyncClient/4.1.3 (Java/1.8.0_201)
192.168.0.104 - - [05/Feb/2020:22:37:31 +0800] "GET /nacos/v1/cs/health HTTP/1.1" 200 2 1 Apache-HttpAsyncClient/4.1.3 (Java/1.8.0_201)
192.168.0.104 - - [05/Feb/2020:22:37:36 +0800] "GET /nacos/v1/cs/health HTTP/1.1" 200 2 2 Apache-HttpAsyncClient/4.1.3 (Java/1.8.0_201)
192.168.0.104 - - [05/Feb/2020:22:37:41 +0800] "GET /nacos/v1/cs/health HTTP/1.1" 200 2 1 Apache-HttpAsyncClient/4.1.3 (Java/1.8.0_201)
192.168.0.104 - - [05/Feb/2020:22:37:46 +0800] "GET /nacos/v1/cs/health HTTP/1.1" 200 2 1 Apache-HttpAsyncClient/4.1.3 (Java/1.8.0_201)
192.168.0.104 - - [05/Feb/2020:22:37:51 +0800] "GET /nacos/v1/cs/health HTTP/1.1" 200 2 1 Apache-HttpAsyncClient/4.1.3 (Java/1.8.0_201)
0:0:0:0:0:0:0:1 - - [05/Feb/2020:22:37:53 +0800] "GET /nacos/v1/cs/configs?show=all&dataId=common&group=DEFAULT_GROUP&tenant=d2306d2d-b394-48dc-95c2-21e73fdec48c&namespaceId=d2306d2d-b394-48dc-95c2-21e73fdec48c HTTP/1.1" 200 - 12 Mozilla/5.0 (Macintosh; Intel Mac OS X 10_14_4) AppleWebKit/537.36 (KHTML, like Gecko) Chrome/79.0.3945.130 Safari/537.36
0:0:0:0:0:0:0:1 - - [05/Feb/2020:22:37:53 +0800] "POST /nacos/v1/cs/configs HTTP/1.1" 200 14 48 Mozilla/5.0 (Macintosh; Intel Mac OS X 10_14_4) AppleWebKit/537.36 (KHTML, like Gecko) Chrome/79.0.3945.130 Safari/537.36
192.168.0.104 - - [05/Feb/2020:22:37:53 +0800] "GET /nacos/v1/cs/communication/dataChange?dataId=common&group=DEFAULT_GROUP&tenant=d2306d2d-b394-48dc-95c2-21e73fdec48c HTTP/1.1" 200 14 3 Apache-HttpAsyncClient/4.1.3 (Java/1.8.0_201)
192.168.0.104 - - [05/Feb/2020:22:37:56 +0800] "GET /nacos/v1/cs/health HTTP/1.1" 200 2 2 Apache-HttpAsyncClient/4.1.3 (Java/1.8.0_201)
192.168.0.104 - - [05/Feb/2020:22:38:01 +0800] "GET /nacos/v1/cs/health HTTP/1.1" 200 2 1 Apache-HttpAsyncClient/4.1.3 (Java/1.8.0_201)
192.168.0.104 - - [05/Feb/2020:22:38:06 +0800] "GET /nacos/v1/cs/health HTTP/1.1" 200 2 1 Apache-HttpAsyncClient/4.1.3 (Java/1.8.0_201)
192.168.0.104 - - [05/Feb/2020:22:38:11 +0800] "GET /nacos/v1/cs/health HTTP/1.1" 200 2 1 Apache-HttpAsyncClient/4.1.3 (Java/1.8.0_201)
192.168.0.104 - - [05/Feb/2020:22:38:16 +0800] "GET /nacos/v1/cs/health HTTP/1.1" 200 2 1 Apache-HttpAsyncClient/4.1.3 (Java/1.8.0_201)
127.0.0.1 - - [05/Feb/2020:22:38:19 +0800] "GET /nacos/v1/cs/configs?dataId=common.yaml&group=DEFAULT_GROUP&tenant=d2306d2d-b394-48dc-95c2-21e73fdec48c HTTP/1.1" 404 22 3 Java/1.8.0_201
127.0.0.1 - - [05/Feb/2020:22:38:19 +0800] "GET /nacos/v1/cs/configs?dataId=auth-server&group=DEFAULT_GROUP&tenant=d2306d2d-b394-48dc-95c2-21e73fdec48c HTTP/1.1" 404 22 1 Java/1.8.0_201
127.0.0.1 - - [05/Feb/2020:22:38:19 +0800] "GET /nacos/v1/cs/configs?dataId=auth-server.yaml&group=DEFAULT_GROUP&tenant=d2306d2d-b394-48dc-95c2-21e73fdec48c HTTP/1.1" 404 22 1 Java/1.8.0_201
192.168.0.104 - - [05/Feb/2020:22:38:21 +0800] "GET /nacos/v1/cs/health HTTP/1.1" 200 2 1 Apache-HttpAsyncClient/4.1.3 (Java/1.8.0_201)
192.168.0.104 - - [05/Feb/2020:22:38:26 +0800] "GET /nacos/v1/cs/health HTTP/1.1" 200 2 1 Apache-HttpAsyncClient/4.1.3 (Java/1.8.0_201)
192.168.0.104 - - [05/Feb/2020:22:38:31 +0800] "GET /nacos/v1/cs/health HTTP/1.1" 200 2 1 Apache-HttpAsyncClient/4.1.3 (Java/1.8.0_201)
192.168.0.104 - - [05/Feb/2020:22:38:36 +0800] "GET /nacos/v1/cs/health HTTP/1.1" 200 2 1 Apache-HttpAsyncClient/4.1.3 (Java/1.8.0_201)
192.168.0.104 - - [05/Feb/2020:22:38:41 +0800] "GET /nacos/v1/cs/health HTTP/1.1" 200 2 1 Apache-HttpAsyncClient/4.1.3 (Java/1.8.0_201)
192.168.0.104 - - [05/Feb/2020:22:38:46 +0800] "GET /nacos/v1/cs/health HTTP/1.1" 200 2 1 Apache-HttpAsyncClient/4.1.3 (Java/1.8.0_201)
0:0:0:0:0:0:0:1 - - [05/Feb/2020:22:38:49 +0800] "GET /nacos/v1/cs/configs?show=all&dataId=common.yaml&group=DEFAULT_GROUP&tenant=d2306d2d-b394-48dc-95c2-21e73fdec48c&namespaceId=d2306d2d-b394-48dc-95c2-21e73fdec48c HTTP/1.1" 200 - 11 Mozilla/5.0 (Macintosh; Intel Mac OS X 10_14_4) AppleWebKit/537.36 (KHTML, like Gecko) Chrome/79.0.3945.130 Safari/537.36
0:0:0:0:0:0:0:1 - - [05/Feb/2020:22:38:49 +0800] "POST /nacos/v1/cs/configs HTTP/1.1" 200 14 16 Mozilla/5.0 (Macintosh; Intel Mac OS X 10_14_4) AppleWebKit/537.36 (KHTML, like Gecko) Chrome/79.0.3945.130 Safari/537.36
192.168.0.104 - - [05/Feb/2020:22:38:49 +0800] "GET /nacos/v1/cs/communication/dataChange?dataId=common.yaml&group=DEFAULT_GROUP&tenant=d2306d2d-b394-48dc-95c2-21e73fdec48c HTTP/1.1" 200 14 2 Apache-HttpAsyncClient/4.1.3 (Java/1.8.0_201)
192.168.0.104 - - [05/Feb/2020:22:38:51 +0800] "GET /nacos/v1/cs/health HTTP/1.1" 200 2 1 Apache-HttpAsyncClient/4.1.3 (Java/1.8.0_201)
0:0:0:0:0:0:0:1 - - [05/Feb/2020:22:38:51 +0800] "GET /nacos/v1/cs/configs?search=accurate&dataId=&group=&appName=&config_tags=&pageNo=1&pageSize=10&tenant=d2306d2d-b394-48dc-95c2-21e73fdec48c&namespaceId=d2306d2d-b394-48dc-95c2-21e73fdec48c HTTP/1.1" 200 1123 12 Mozilla/5.0 (Macintosh; Intel Mac OS X 10_14_4) AppleWebKit/537.36 (KHTML, like Gecko) Chrome/79.0.3945.130 Safari/537.36
0:0:0:0:0:0:0:1 - - [05/Feb/2020:22:38:55 +0800] "DELETE /nacos/v1/cs/configs?dataId=common&group=DEFAULT_GROUP&tenant=d2306d2d-b394-48dc-95c2-21e73fdec48c HTTP/1.1" 200 14 21 Mozilla/5.0 (Macintosh; Intel Mac OS X 10_14_4) AppleWebKit/537.36 (KHTML, like Gecko) Chrome/79.0.3945.130 Safari/537.36
192.168.0.104 - - [05/Feb/2020:22:38:55 +0800] "GET /nacos/v1/cs/communication/dataChange?dataId=common&group=DEFAULT_GROUP&tenant=d2306d2d-b394-48dc-95c2-21e73fdec48c HTTP/1.1" 200 14 1 Apache-HttpAsyncClient/4.1.3 (Java/1.8.0_201)
0:0:0:0:0:0:0:1 - - [05/Feb/2020:22:38:55 +0800] "GET /nacos/v1/cs/configs?search=accurate&dataId=&group=&appName=&config_tags=&pageNo=1&pageSize=10&tenant=d2306d2d-b394-48dc-95c2-21e73fdec48c&namespaceId=d2306d2d-b394-48dc-95c2-21e73fdec48c HTTP/1.1" 200 602 12 Mozilla/5.0 (Macintosh; Intel Mac OS X 10_14_4) AppleWebKit/537.36 (KHTML, like Gecko) Chrome/79.0.3945.130 Safari/537.36
192.168.0.104 - - [05/Feb/2020:22:38:56 +0800] "GET /nacos/v1/cs/health HTTP/1.1" 200 2 1 Apache-HttpAsyncClient/4.1.3 (Java/1.8.0_201)
192.168.0.104 - - [05/Feb/2020:22:39:01 +0800] "GET /nacos/v1/cs/health HTTP/1.1" 200 2 1 Apache-HttpAsyncClient/4.1.3 (Java/1.8.0_201)
127.0.0.1 - - [05/Feb/2020:22:39:02 +0800] "GET /nacos/v1/cs/configs?dataId=common.yaml&group=DEFAULT_GROUP&tenant=d2306d2d-b394-48dc-95c2-21e73fdec48c HTTP/1.1" 200 371 14 Java/1.8.0_201
127.0.0.1 - - [05/Feb/2020:22:39:02 +0800] "GET /nacos/v1/cs/configs?dataId=auth-server&group=DEFAULT_GROUP&tenant=d2306d2d-b394-48dc-95c2-21e73fdec48c HTTP/1.1" 404 22 1 Java/1.8.0_201
127.0.0.1 - - [05/Feb/2020:22:39:02 +0800] "GET /nacos/v1/cs/configs?dataId=auth-server.yaml&group=DEFAULT_GROUP&tenant=d2306d2d-b394-48dc-95c2-21e73fdec48c HTTP/1.1" 404 22 1 Java/1.8.0_201
192.168.0.104 - - [05/Feb/2020:22:39:06 +0800] "GET /nacos/v1/cs/health HTTP/1.1" 200 2 1 Apache-HttpAsyncClient/4.1.3 (Java/1.8.0_201)
192.168.0.104 - - [05/Feb/2020:22:39:11 +0800] "GET /nacos/v1/cs/health HTTP/1.1" 200 2 1 Apache-HttpAsyncClient/4.1.3 (Java/1.8.0_201)
192.168.0.104 - - [05/Feb/2020:22:39:16 +0800] "GET /nacos/v1/cs/health HTTP/1.1" 200 2 1 Apache-HttpAsyncClient/4.1.3 (Java/1.8.0_201)
192.168.0.104 - - [05/Feb/2020:22:39:21 +0800] "GET /nacos/v1/cs/health HTTP/1.1" 200 2 1 Apache-HttpAsyncClient/4.1.3 (Java/1.8.0_201)
192.168.0.104 - - [05/Feb/2020:22:39:26 +0800] "GET /nacos/v1/cs/health HTTP/1.1" 200 2 1 Apache-HttpAsyncClient/4.1.3 (Java/1.8.0_201)
192.168.0.104 - - [05/Feb/2020:22:39:31 +0800] "GET /nacos/v1/cs/health HTTP/1.1" 200 2 1 Apache-HttpAsyncClient/4.1.3 (Java/1.8.0_201)
192.168.0.104 - - [05/Feb/2020:22:39:36 +0800] "GET /nacos/v1/cs/health HTTP/1.1" 200 2 1 Apache-HttpAsyncClient/4.1.3 (Java/1.8.0_201)
192.168.0.104 - - [05/Feb/2020:22:39:41 +0800] "GET /nacos/v1/cs/health HTTP/1.1" 200 2 1 Apache-HttpAsyncClient/4.1.3 (Java/1.8.0_201)
192.168.0.104 - - [05/Feb/2020:22:39:46 +0800] "GET /nacos/v1/cs/health HTTP/1.1" 200 2 0 Apache-HttpAsyncClient/4.1.3 (Java/1.8.0_201)
192.168.0.104 - - [05/Feb/2020:22:39:51 +0800] "GET /nacos/v1/cs/health HTTP/1.1" 200 2 1 Apache-HttpAsyncClient/4.1.3 (Java/1.8.0_201)
192.168.0.104 - - [05/Feb/2020:22:39:56 +0800] "GET /nacos/v1/cs/health HTTP/1.1" 200 2 1 Apache-HttpAsyncClient/4.1.3 (Java/1.8.0_201)
192.168.0.104 - - [05/Feb/2020:22:40:01 +0800] "GET /nacos/v1/cs/health HTTP/1.1" 200 2 2 Apache-HttpAsyncClient/4.1.3 (Java/1.8.0_201)
192.168.0.104 - - [05/Feb/2020:22:40:06 +0800] "GET /nacos/v1/cs/health HTTP/1.1" 200 2 1 Apache-HttpAsyncClient/4.1.3 (Java/1.8.0_201)
192.168.0.104 - - [05/Feb/2020:22:40:11 +0800] "GET /nacos/v1/cs/health HTTP/1.1" 200 2 1 Apache-HttpAsyncClient/4.1.3 (Java/1.8.0_201)
192.168.0.104 - - [05/Feb/2020:22:40:16 +0800] "GET /nacos/v1/cs/health HTTP/1.1" 200 2 1 Apache-HttpAsyncClient/4.1.3 (Java/1.8.0_201)
192.168.0.104 - - [05/Feb/2020:22:40:21 +0800] "GET /nacos/v1/cs/health HTTP/1.1" 200 2 1 Apache-HttpAsyncClient/4.1.3 (Java/1.8.0_201)
192.168.0.104 - - [05/Feb/2020:22:40:26 +0800] "GET /nacos/v1/cs/health HTTP/1.1" 200 2 1 Apache-HttpAsyncClient/4.1.3 (Java/1.8.0_201)
192.168.0.104 - - [05/Feb/2020:22:40:31 +0800] "GET /nacos/v1/cs/health HTTP/1.1" 200 2 1 Apache-HttpAsyncClient/4.1.3 (Java/1.8.0_201)
192.168.0.104 - - [05/Feb/2020:22:40:36 +0800] "GET /nacos/v1/cs/health HTTP/1.1" 200 2 2 Apache-HttpAsyncClient/4.1.3 (Java/1.8.0_201)
192.168.0.104 - - [05/Feb/2020:22:40:41 +0800] "GET /nacos/v1/cs/health HTTP/1.1" 200 2 1 Apache-HttpAsyncClient/4.1.3 (Java/1.8.0_201)
192.168.0.104 - - [05/Feb/2020:22:40:46 +0800] "GET /nacos/v1/cs/health HTTP/1.1" 200 2 1 Apache-HttpAsyncClient/4.1.3 (Java/1.8.0_201)
192.168.0.104 - - [05/Feb/2020:22:40:51 +0800] "GET /nacos/v1/cs/health HTTP/1.1" 200 2 1 Apache-HttpAsyncClient/4.1.3 (Java/1.8.0_201)
192.168.0.104 - - [05/Feb/2020:22:40:56 +0800] "GET /nacos/v1/cs/health HTTP/1.1" 200 2 1 Apache-HttpAsyncClient/4.1.3 (Java/1.8.0_201)
192.168.0.104 - - [05/Feb/2020:22:41:01 +0800] "GET /nacos/v1/cs/health HTTP/1.1" 200 2 1 Apache-HttpAsyncClient/4.1.3 (Java/1.8.0_201)
192.168.0.104 - - [05/Feb/2020:22:41:06 +0800] "GET /nacos/v1/cs/health HTTP/1.1" 200 2 2 Apache-HttpAsyncClient/4.1.3 (Java/1.8.0_201)
192.168.0.104 - - [05/Feb/2020:22:41:11 +0800] "GET /nacos/v1/cs/health HTTP/1.1" 200 2 1 Apache-HttpAsyncClient/4.1.3 (Java/1.8.0_201)
127.0.0.1 - - [05/Feb/2020:22:41:14 +0800] "GET /nacos/v1/cs/configs?dataId=auth-server&group=DEFAULT_GROUP&tenant=d2306d2d-b394-48dc-95c2-21e73fdec48c HTTP/1.1" 404 22 1 Java/1.8.0_201
127.0.0.1 - - [05/Feb/2020:22:41:14 +0800] "GET /nacos/v1/cs/configs?dataId=auth-server.yaml&group=DEFAULT_GROUP&tenant=d2306d2d-b394-48dc-95c2-21e73fdec48c HTTP/1.1" 404 22 1 Java/1.8.0_201
192.168.0.104 - - [05/Feb/2020:22:41:16 +0800] "GET /nacos/v1/cs/health HTTP/1.1" 200 2 1 Apache-HttpAsyncClient/4.1.3 (Java/1.8.0_201)
192.168.0.104 - - [05/Feb/2020:22:41:21 +0800] "GET /nacos/v1/cs/health HTTP/1.1" 200 2 1 Apache-HttpAsyncClient/4.1.3 (Java/1.8.0_201)
192.168.0.104 - - [05/Feb/2020:22:41:26 +0800] "GET /nacos/v1/cs/health HTTP/1.1" 200 2 1 Apache-HttpAsyncClient/4.1.3 (Java/1.8.0_201)
192.168.0.104 - - [05/Feb/2020:22:41:31 +0800] "GET /nacos/v1/cs/health HTTP/1.1" 200 2 1 Apache-HttpAsyncClient/4.1.3 (Java/1.8.0_201)
192.168.0.104 - - [05/Feb/2020:22:41:36 +0800] "GET /nacos/v1/cs/health HTTP/1.1" 200 2 1 Apache-HttpAsyncClient/4.1.3 (Java/1.8.0_201)
192.168.0.104 - - [05/Feb/2020:22:41:41 +0800] "GET /nacos/v1/cs/health HTTP/1.1" 200 2 1 Apache-HttpAsyncClient/4.1.3 (Java/1.8.0_201)
192.168.0.104 - - [05/Feb/2020:22:41:46 +0800] "GET /nacos/v1/cs/health HTTP/1.1" 200 2 2 Apache-HttpAsyncClient/4.1.3 (Java/1.8.0_201)
192.168.0.104 - - [05/Feb/2020:22:41:51 +0800] "GET /nacos/v1/cs/health HTTP/1.1" 200 2 1 Apache-HttpAsyncClient/4.1.3 (Java/1.8.0_201)
192.168.0.104 - - [05/Feb/2020:22:41:56 +0800] "GET /nacos/v1/cs/health HTTP/1.1" 200 2 2 Apache-HttpAsyncClient/4.1.3 (Java/1.8.0_201)
192.168.0.104 - - [05/Feb/2020:22:42:01 +0800] "GET /nacos/v1/cs/health HTTP/1.1" 200 2 1 Apache-HttpAsyncClient/4.1.3 (Java/1.8.0_201)
192.168.0.104 - - [05/Feb/2020:22:42:06 +0800] "GET /nacos/v1/cs/health HTTP/1.1" 200 2 1 Apache-HttpAsyncClient/4.1.3 (Java/1.8.0_201)
192.168.0.104 - - [05/Feb/2020:22:42:11 +0800] "GET /nacos/v1/cs/health HTTP/1.1" 200 2 1 Apache-HttpAsyncClient/4.1.3 (Java/1.8.0_201)
192.168.0.104 - - [05/Feb/2020:22:42:16 +0800] "GET /nacos/v1/cs/health HTTP/1.1" 200 2 1 Apache-HttpAsyncClient/4.1.3 (Java/1.8.0_201)
192.168.0.104 - - [05/Feb/2020:22:42:21 +0800] "GET /nacos/v1/cs/health HTTP/1.1" 200 2 2 Apache-HttpAsyncClient/4.1.3 (Java/1.8.0_201)
192.168.0.104 - - [05/Feb/2020:22:42:26 +0800] "GET /nacos/v1/cs/health HTTP/1.1" 200 2 1 Apache-HttpAsyncClient/4.1.3 (Java/1.8.0_201)
192.168.0.104 - - [05/Feb/2020:22:42:31 +0800] "GET /nacos/v1/cs/health HTTP/1.1" 200 2 1 Apache-HttpAsyncClient/4.1.3 (Java/1.8.0_201)
192.168.0.104 - - [05/Feb/2020:22:42:36 +0800] "GET /nacos/v1/cs/health HTTP/1.1" 200 2 1 Apache-HttpAsyncClient/4.1.3 (Java/1.8.0_201)
192.168.0.104 - - [05/Feb/2020:22:42:41 +0800] "GET /nacos/v1/cs/health HTTP/1.1" 200 2 1 Apache-HttpAsyncClient/4.1.3 (Java/1.8.0_201)
192.168.0.104 - - [05/Feb/2020:22:42:46 +0800] "GET /nacos/v1/cs/health HTTP/1.1" 200 2 1 Apache-HttpAsyncClient/4.1.3 (Java/1.8.0_201)
127.0.0.1 - - [05/Feb/2020:22:42:46 +0800] "GET /nacos/v1/cs/configs?dataId=auth-server&group=DEFAULT_GROUP&tenant=d2306d2d-b394-48dc-95c2-21e73fdec48c HTTP/1.1" 404 22 1 Java/1.8.0_201
127.0.0.1 - - [05/Feb/2020:22:42:46 +0800] "GET /nacos/v1/cs/configs?dataId=auth-server.yaml&group=DEFAULT_GROUP&tenant=d2306d2d-b394-48dc-95c2-21e73fdec48c HTTP/1.1" 404 22 1 Java/1.8.0_201
192.168.0.104 - - [05/Feb/2020:22:42:51 +0800] "GET /nacos/v1/cs/health HTTP/1.1" 200 2 1 Apache-HttpAsyncClient/4.1.3 (Java/1.8.0_201)
192.168.0.104 - - [05/Feb/2020:22:42:56 +0800] "GET /nacos/v1/cs/health HTTP/1.1" 200 2 1 Apache-HttpAsyncClient/4.1.3 (Java/1.8.0_201)
192.168.0.104 - - [05/Feb/2020:22:43:01 +0800] "GET /nacos/v1/cs/health HTTP/1.1" 200 2 1 Apache-HttpAsyncClient/4.1.3 (Java/1.8.0_201)
192.168.0.104 - - [05/Feb/2020:22:43:06 +0800] "GET /nacos/v1/cs/health HTTP/1.1" 200 2 1 Apache-HttpAsyncClient/4.1.3 (Java/1.8.0_201)
192.168.0.104 - - [05/Feb/2020:22:43:11 +0800] "GET /nacos/v1/cs/health HTTP/1.1" 200 2 1 Apache-HttpAsyncClient/4.1.3 (Java/1.8.0_201)
192.168.0.104 - - [05/Feb/2020:22:43:16 +0800] "GET /nacos/v1/cs/health HTTP/1.1" 200 2 1 Apache-HttpAsyncClient/4.1.3 (Java/1.8.0_201)
192.168.0.104 - - [05/Feb/2020:22:43:21 +0800] "GET /nacos/v1/cs/health HTTP/1.1" 200 2 1 Apache-HttpAsyncClient/4.1.3 (Java/1.8.0_201)
192.168.0.104 - - [05/Feb/2020:22:43:26 +0800] "GET /nacos/v1/cs/health HTTP/1.1" 200 2 1 Apache-HttpAsyncClient/4.1.3 (Java/1.8.0_201)
127.0.0.1 - - [05/Feb/2020:22:43:30 +0800] "GET /nacos/v1/cs/configs?dataId=auth-server&group=DEFAULT_GROUP&tenant=d2306d2d-b394-48dc-95c2-21e73fdec48c HTTP/1.1" 404 22 2 Java/1.8.0_201
127.0.0.1 - - [05/Feb/2020:22:43:30 +0800] "GET /nacos/v1/cs/configs?dataId=auth-server.yaml&group=DEFAULT_GROUP&tenant=d2306d2d-b394-48dc-95c2-21e73fdec48c HTTP/1.1" 404 22 1 Java/1.8.0_201
192.168.0.104 - - [05/Feb/2020:22:43:31 +0800] "GET /nacos/v1/cs/health HTTP/1.1" 200 2 1 Apache-HttpAsyncClient/4.1.3 (Java/1.8.0_201)
192.168.0.104 - - [05/Feb/2020:22:43:36 +0800] "GET /nacos/v1/cs/health HTTP/1.1" 200 2 1 Apache-HttpAsyncClient/4.1.3 (Java/1.8.0_201)
192.168.0.104 - - [05/Feb/2020:22:43:41 +0800] "GET /nacos/v1/cs/health HTTP/1.1" 200 2 1 Apache-HttpAsyncClient/4.1.3 (Java/1.8.0_201)
192.168.0.104 - - [05/Feb/2020:22:43:46 +0800] "GET /nacos/v1/cs/health HTTP/1.1" 200 2 1 Apache-HttpAsyncClient/4.1.3 (Java/1.8.0_201)
192.168.0.104 - - [05/Feb/2020:22:43:51 +0800] "GET /nacos/v1/cs/health HTTP/1.1" 200 2 1 Apache-HttpAsyncClient/4.1.3 (Java/1.8.0_201)
192.168.0.104 - - [05/Feb/2020:22:43:56 +0800] "GET /nacos/v1/cs/health HTTP/1.1" 200 2 1 Apache-HttpAsyncClient/4.1.3 (Java/1.8.0_201)
192.168.0.104 - - [05/Feb/2020:22:44:01 +0800] "GET /nacos/v1/cs/health HTTP/1.1" 200 2 1 Apache-HttpAsyncClient/4.1.3 (Java/1.8.0_201)
192.168.0.104 - - [05/Feb/2020:22:44:06 +0800] "GET /nacos/v1/cs/health HTTP/1.1" 200 2 1 Apache-HttpAsyncClient/4.1.3 (Java/1.8.0_201)
127.0.0.1 - - [05/Feb/2020:22:44:06 +0800] "GET /nacos/v1/cs/configs?dataId=auth-server&group=DEFAULT_GROUP&tenant=d2306d2d-b394-48dc-95c2-21e73fdec48c HTTP/1.1" 404 22 2 Java/1.8.0_201
127.0.0.1 - - [05/Feb/2020:22:44:06 +0800] "GET /nacos/v1/cs/configs?dataId=auth-server.yaml&group=DEFAULT_GROUP&tenant=d2306d2d-b394-48dc-95c2-21e73fdec48c HTTP/1.1" 404 22 1 Java/1.8.0_201
192.168.0.104 - - [05/Feb/2020:22:44:11 +0800] "GET /nacos/v1/cs/health HTTP/1.1" 200 2 2 Apache-HttpAsyncClient/4.1.3 (Java/1.8.0_201)
192.168.0.104 - - [05/Feb/2020:22:44:16 +0800] "GET /nacos/v1/cs/health HTTP/1.1" 200 2 1 Apache-HttpAsyncClient/4.1.3 (Java/1.8.0_201)
192.168.0.104 - - [05/Feb/2020:22:44:21 +0800] "GET /nacos/v1/cs/health HTTP/1.1" 200 2 1 Apache-HttpAsyncClient/4.1.3 (Java/1.8.0_201)
192.168.0.104 - - [05/Feb/2020:22:44:26 +0800] "GET /nacos/v1/cs/health HTTP/1.1" 200 2 0 Apache-HttpAsyncClient/4.1.3 (Java/1.8.0_201)
192.168.0.104 - - [05/Feb/2020:22:44:31 +0800] "GET /nacos/v1/cs/health HTTP/1.1" 200 2 1 Apache-HttpAsyncClient/4.1.3 (Java/1.8.0_201)
192.168.0.104 - - [05/Feb/2020:22:44:36 +0800] "GET /nacos/v1/cs/health HTTP/1.1" 200 2 1 Apache-HttpAsyncClient/4.1.3 (Java/1.8.0_201)
192.168.0.104 - - [05/Feb/2020:22:44:41 +0800] "GET /nacos/v1/cs/health HTTP/1.1" 200 2 1 Apache-HttpAsyncClient/4.1.3 (Java/1.8.0_201)
192.168.0.104 - - [05/Feb/2020:22:44:46 +0800] "GET /nacos/v1/cs/health HTTP/1.1" 200 2 2 Apache-HttpAsyncClient/4.1.3 (Java/1.8.0_201)
192.168.0.104 - - [05/Feb/2020:22:44:51 +0800] "GET /nacos/v1/cs/health HTTP/1.1" 200 2 2 Apache-HttpAsyncClient/4.1.3 (Java/1.8.0_201)
192.168.0.104 - - [05/Feb/2020:22:44:56 +0800] "GET /nacos/v1/cs/health HTTP/1.1" 200 2 1 Apache-HttpAsyncClient/4.1.3 (Java/1.8.0_201)
192.168.0.104 - - [05/Feb/2020:22:45:01 +0800] "GET /nacos/v1/cs/health HTTP/1.1" 200 2 1 Apache-HttpAsyncClient/4.1.3 (Java/1.8.0_201)
192.168.0.104 - - [05/Feb/2020:22:45:06 +0800] "GET /nacos/v1/cs/health HTTP/1.1" 200 2 2 Apache-HttpAsyncClient/4.1.3 (Java/1.8.0_201)
192.168.0.104 - - [05/Feb/2020:22:45:11 +0800] "GET /nacos/v1/cs/health HTTP/1.1" 200 2 1 Apache-HttpAsyncClient/4.1.3 (Java/1.8.0_201)
192.168.0.104 - - [05/Feb/2020:22:45:16 +0800] "GET /nacos/v1/cs/health HTTP/1.1" 200 2 1 Apache-HttpAsyncClient/4.1.3 (Java/1.8.0_201)
192.168.0.104 - - [05/Feb/2020:22:45:21 +0800] "GET /nacos/v1/cs/health HTTP/1.1" 200 2 0 Apache-HttpAsyncClient/4.1.3 (Java/1.8.0_201)
192.168.0.104 - - [05/Feb/2020:22:45:26 +0800] "GET /nacos/v1/cs/health HTTP/1.1" 200 2 0 Apache-HttpAsyncClient/4.1.3 (Java/1.8.0_201)
192.168.0.104 - - [05/Feb/2020:22:45:31 +0800] "GET /nacos/v1/cs/health HTTP/1.1" 200 2 1 Apache-HttpAsyncClient/4.1.3 (Java/1.8.0_201)
192.168.0.104 - - [05/Feb/2020:22:45:36 +0800] "GET /nacos/v1/cs/health HTTP/1.1" 200 2 1 Apache-HttpAsyncClient/4.1.3 (Java/1.8.0_201)
192.168.0.104 - - [05/Feb/2020:22:45:41 +0800] "GET /nacos/v1/cs/health HTTP/1.1" 200 2 1 Apache-HttpAsyncClient/4.1.3 (Java/1.8.0_201)
192.168.0.104 - - [05/Feb/2020:22:45:46 +0800] "GET /nacos/v1/cs/health HTTP/1.1" 200 2 1 Apache-HttpAsyncClient/4.1.3 (Java/1.8.0_201)
192.168.0.104 - - [05/Feb/2020:22:45:51 +0800] "GET /nacos/v1/cs/health HTTP/1.1" 200 2 1 Apache-HttpAsyncClient/4.1.3 (Java/1.8.0_201)
192.168.0.104 - - [05/Feb/2020:22:45:56 +0800] "GET /nacos/v1/cs/health HTTP/1.1" 200 2 2 Apache-HttpAsyncClient/4.1.3 (Java/1.8.0_201)
192.168.0.104 - - [05/Feb/2020:22:46:01 +0800] "GET /nacos/v1/cs/health HTTP/1.1" 200 2 1 Apache-HttpAsyncClient/4.1.3 (Java/1.8.0_201)
192.168.0.104 - - [05/Feb/2020:22:46:06 +0800] "GET /nacos/v1/cs/health HTTP/1.1" 200 2 1 Apache-HttpAsyncClient/4.1.3 (Java/1.8.0_201)
192.168.0.104 - - [05/Feb/2020:22:46:11 +0800] "GET /nacos/v1/cs/health HTTP/1.1" 200 2 1 Apache-HttpAsyncClient/4.1.3 (Java/1.8.0_201)
127.0.0.1 - - [05/Feb/2020:22:46:11 +0800] "GET /nacos/v1/cs/configs?dataId=auth-server&group=DEFAULT_GROUP&tenant=d2306d2d-b394-48dc-95c2-21e73fdec48c HTTP/1.1" 404 22 2 Java/1.8.0_201
127.0.0.1 - - [05/Feb/2020:22:46:11 +0800] "GET /nacos/v1/cs/configs?dataId=auth-server.yaml&group=DEFAULT_GROUP&tenant=d2306d2d-b394-48dc-95c2-21e73fdec48c HTTP/1.1" 404 22 2 Java/1.8.0_201
127.0.0.1 - - [05/Feb/2020:22:46:15 +0800] "POST /nacos/v1/ns/instance?app=unknown&metadata=%7B%22preserved.register.source%22%3A%22SPRING_CLOUD%22%7D&ip=192.168.0.104&weight=1.0&ephemeral=true&serviceName=DEFAULT_GROUP%40%40auth-server&encoding=UTF-8&groupName=DEFAULT_GROUP&namespaceId=public&port=9999&enable=true&healthy=true&clusterName=DEFAULT HTTP/1.1" 200 2 50 Nacos-Java-Client:v1.1.4
127.0.0.1 - - [05/Feb/2020:22:46:15 +0800] "POST /nacos/v1/cs/configs/listener HTTP/1.1" 200 - 2 Java/1.8.0_201
127.0.0.1 - - [05/Feb/2020:22:46:15 +0800] "GET /nacos/v1/ns/service/list?app=unknown&pageSize=2147483647&groupName=DEFAULT_GROUP&encoding=UTF-8&namespaceId=public&pageNo=1 HTTP/1.1" 200 45 2 Nacos-Java-Client:v1.1.4
192.168.0.104 - - [05/Feb/2020:22:46:16 +0800] "GET /nacos/v1/cs/health HTTP/1.1" 200 2 2 Apache-HttpAsyncClient/4.1.3 (Java/1.8.0_201)
127.0.0.1 - - [05/Feb/2020:22:46:20 +0800] "PUT /nacos/v1/ns/instance/beat?beat=%7B%22cluster%22%3A%22DEFAULT%22%2C%22ip%22%3A%22192.168.0.104%22%2C%22metadata%22%3A%7B%22preserved.register.source%22%3A%22SPRING_CLOUD%22%7D%2C%22period%22%3A5000%2C%22port%22%3A9999%2C%22scheduled%22%3Afalse%2C%22serviceName%22%3A%22DEFAULT_GROUP%40%40auth-server%22%2C%22stopped%22%3Afalse%2C%22weight%22%3A1.0%7D&app=unknown&serviceName=DEFAULT_GROUP%40%40auth-server&encoding=UTF-8&namespaceId=public HTTP/1.1" 200 75 12 Nacos-Java-Client:v1.1.4
192.168.0.104 - - [05/Feb/2020:22:46:21 +0800] "GET /nacos/v1/cs/health HTTP/1.1" 200 2 1 Apache-HttpAsyncClient/4.1.3 (Java/1.8.0_201)
127.0.0.1 - - [05/Feb/2020:22:46:25 +0800] "PUT /nacos/v1/ns/instance/beat?beat=%7B%22cluster%22%3A%22DEFAULT%22%2C%22ip%22%3A%22192.168.0.104%22%2C%22metadata%22%3A%7B%22preserved.register.source%22%3A%22SPRING_CLOUD%22%7D%2C%22period%22%3A5000%2C%22port%22%3A9999%2C%22scheduled%22%3Afalse%2C%22serviceName%22%3A%22DEFAULT_GROUP%40%40auth-server%22%2C%22stopped%22%3Afalse%2C%22weight%22%3A1.0%7D&app=unknown&serviceName=DEFAULT_GROUP%40%40auth-server&encoding=UTF-8&namespaceId=public HTTP/1.1" 200 75 2 Nacos-Java-Client:v1.1.4
192.168.0.104 - - [05/Feb/2020:22:46:26 +0800] "GET /nacos/v1/cs/health HTTP/1.1" 200 2 1 Apache-HttpAsyncClient/4.1.3 (Java/1.8.0_201)
127.0.0.1 - - [05/Feb/2020:22:46:30 +0800] "PUT /nacos/v1/ns/instance/beat?beat=%7B%22cluster%22%3A%22DEFAULT%22%2C%22ip%22%3A%22192.168.0.104%22%2C%22metadata%22%3A%7B%22preserved.register.source%22%3A%22SPRING_CLOUD%22%7D%2C%22period%22%3A5000%2C%22port%22%3A9999%2C%22scheduled%22%3Afalse%2C%22serviceName%22%3A%22DEFAULT_GROUP%40%40auth-server%22%2C%22stopped%22%3Afalse%2C%22weight%22%3A1.0%7D&app=unknown&serviceName=DEFAULT_GROUP%40%40auth-server&encoding=UTF-8&namespaceId=public HTTP/1.1" 200 75 2 Nacos-Java-Client:v1.1.4
0:0:0:0:0:0:0:1 - - [05/Feb/2020:22:46:30 +0800] "GET /nacos/v1/cs/configs?dataId=common.yaml&group=DEFAULT_GROUP&namespaceId=d2306d2d-b394-48dc-95c2-21e73fdec48c&tenant=d2306d2d-b394-48dc-95c2-21e73fdec48c&beta=true HTTP/1.1" 200 60 8 Mozilla/5.0 (Macintosh; Intel Mac OS X 10_14_4) AppleWebKit/537.36 (KHTML, like Gecko) Chrome/79.0.3945.130 Safari/537.36
0:0:0:0:0:0:0:1 - - [05/Feb/2020:22:46:30 +0800] "GET /nacos/v1/cs/configs?dataId=common.yaml&group=DEFAULT_GROUP&namespaceId=d2306d2d-b394-48dc-95c2-21e73fdec48c&tenant=d2306d2d-b394-48dc-95c2-21e73fdec48c&show=all HTTP/1.1" 200 751 16 Mozilla/5.0 (Macintosh; Intel Mac OS X 10_14_4) AppleWebKit/537.36 (KHTML, like Gecko) Chrome/79.0.3945.130 Safari/537.36
192.168.0.104 - - [05/Feb/2020:22:46:31 +0800] "GET /nacos/v1/cs/health HTTP/1.1" 200 2 1 Apache-HttpAsyncClient/4.1.3 (Java/1.8.0_201)
127.0.0.1 - - [05/Feb/2020:22:46:35 +0800] "PUT /nacos/v1/ns/instance/beat?beat=%7B%22cluster%22%3A%22DEFAULT%22%2C%22ip%22%3A%22192.168.0.104%22%2C%22metadata%22%3A%7B%22preserved.register.source%22%3A%22SPRING_CLOUD%22%7D%2C%22period%22%3A5000%2C%22port%22%3A9999%2C%22scheduled%22%3Afalse%2C%22serviceName%22%3A%22DEFAULT_GROUP%40%40auth-server%22%2C%22stopped%22%3Afalse%2C%22weight%22%3A1.0%7D&app=unknown&serviceName=DEFAULT_GROUP%40%40auth-server&encoding=UTF-8&namespaceId=public HTTP/1.1" 200 75 1 Nacos-Java-Client:v1.1.4
192.168.0.104 - - [05/Feb/2020:22:46:36 +0800] "GET /nacos/v1/cs/health HTTP/1.1" 200 2 1 Apache-HttpAsyncClient/4.1.3 (Java/1.8.0_201)
127.0.0.1 - - [05/Feb/2020:22:46:40 +0800] "PUT /nacos/v1/ns/instance/beat?beat=%7B%22cluster%22%3A%22DEFAULT%22%2C%22ip%22%3A%22192.168.0.104%22%2C%22metadata%22%3A%7B%22preserved.register.source%22%3A%22SPRING_CLOUD%22%7D%2C%22period%22%3A5000%2C%22port%22%3A9999%2C%22scheduled%22%3Afalse%2C%22serviceName%22%3A%22DEFAULT_GROUP%40%40auth-server%22%2C%22stopped%22%3Afalse%2C%22weight%22%3A1.0%7D&app=unknown&serviceName=DEFAULT_GROUP%40%40auth-server&encoding=UTF-8&namespaceId=public HTTP/1.1" 200 75 1 Nacos-Java-Client:v1.1.4
192.168.0.104 - - [05/Feb/2020:22:46:41 +0800] "GET /nacos/v1/cs/health HTTP/1.1" 200 2 1 Apache-HttpAsyncClient/4.1.3 (Java/1.8.0_201)
0:0:0:0:0:0:0:1 - - [05/Feb/2020:22:46:44 +0800] "POST /nacos/v1/cs/configs HTTP/1.1" 200 14 91 Mozilla/5.0 (Macintosh; Intel Mac OS X 10_14_4) AppleWebKit/537.36 (KHTML, like Gecko) Chrome/79.0.3945.130 Safari/537.36
192.168.0.104 - - [05/Feb/2020:22:46:44 +0800] "GET /nacos/v1/cs/communication/dataChange?dataId=common.yaml&group=DEFAULT_GROUP&tenant=d2306d2d-b394-48dc-95c2-21e73fdec48c HTTP/1.1" 200 14 2 Apache-HttpAsyncClient/4.1.3 (Java/1.8.0_201)
0:0:0:0:0:0:0:1 - - [05/Feb/2020:22:46:44 +0800] "GET /nacos/v1/cs/configs?dataId=common.yaml&group=DEFAULT_GROUP&namespaceId=d2306d2d-b394-48dc-95c2-21e73fdec48c&tenant=d2306d2d-b394-48dc-95c2-21e73fdec48c&show=all HTTP/1.1" 200 607 15 Mozilla/5.0 (Macintosh; Intel Mac OS X 10_14_4) AppleWebKit/537.36 (KHTML, like Gecko) Chrome/79.0.3945.130 Safari/537.36
127.0.0.1 - - [05/Feb/2020:22:46:44 +0800] "POST /nacos/v1/cs/configs/listener HTTP/1.1" 200 - 29508 Java/1.8.0_201
127.0.0.1 - - [05/Feb/2020:22:46:45 +0800] "PUT /nacos/v1/ns/instance/beat?beat=%7B%22cluster%22%3A%22DEFAULT%22%2C%22ip%22%3A%22192.168.0.104%22%2C%22metadata%22%3A%7B%22preserved.register.source%22%3A%22SPRING_CLOUD%22%7D%2C%22period%22%3A5000%2C%22port%22%3A9999%2C%22scheduled%22%3Afalse%2C%22serviceName%22%3A%22DEFAULT_GROUP%40%40auth-server%22%2C%22stopped%22%3Afalse%2C%22weight%22%3A1.0%7D&app=unknown&serviceName=DEFAULT_GROUP%40%40auth-server&encoding=UTF-8&namespaceId=public HTTP/1.1" 200 75 2 Nacos-Java-Client:v1.1.4
192.168.0.104 - - [05/Feb/2020:22:46:46 +0800] "GET /nacos/v1/cs/health HTTP/1.1" 200 2 2 Apache-HttpAsyncClient/4.1.3 (Java/1.8.0_201)
127.0.0.1 - - [05/Feb/2020:22:46:50 +0800] "PUT /nacos/v1/ns/instance/beat?beat=%7B%22cluster%22%3A%22DEFAULT%22%2C%22ip%22%3A%22192.168.0.104%22%2C%22metadata%22%3A%7B%22preserved.register.source%22%3A%22SPRING_CLOUD%22%7D%2C%22period%22%3A5000%2C%22port%22%3A9999%2C%22scheduled%22%3Afalse%2C%22serviceName%22%3A%22DEFAULT_GROUP%40%40auth-server%22%2C%22stopped%22%3Afalse%2C%22weight%22%3A1.0%7D&app=unknown&serviceName=DEFAULT_GROUP%40%40auth-server&encoding=UTF-8&namespaceId=public HTTP/1.1" 200 75 2 Nacos-Java-Client:v1.1.4
192.168.0.104 - - [05/Feb/2020:22:46:51 +0800] "GET /nacos/v1/cs/health HTTP/1.1" 200 2 1 Apache-HttpAsyncClient/4.1.3 (Java/1.8.0_201)
